WARNING:2024-10-14 21:26:10.642729:777:12:C:\Users\doProgramm\PycharmProjects\pythonLearning\
lesson7.py:File is loging
